---
source: lib/geomjeungja/src/lib.rs
expression: kv_strategy
---
{
  "key": "key",
  "value": "DbdoRlJiK0lLTnIyL5pciusfxinHAN3EQm1E7ITv"
}
