---
source: lib/post-process/tests/emote.rs
expression: parse_to_test_output(&post)
input_file: lib/post-process/tests/input/emote/full_post_1
---
[
    (
        Emote(
            "blobfoxcoffee",
        ),
        6..21,
        ":blobfoxcoffee:",
    ),
    (
        Emote(
            "blobcatpeek",
        ),
        40..53,
        ":blobcatpeek:",
    ),
]
