---
source: lib/post-process/tests/hashtag.rs
expression: parse_to_test_output(&post)
input_file: lib/post-process/tests/input/hashtag/weird_1
---
[
    (
        Hashtag(
            "invalid",
        ),
        0..8,
        "#invalid",
    ),
]
