---
source: post-process/tests/mention.rs
expression: "PostParser::parse(Rule::post, &mention).unwrap()"
input_file: post-process/tests/input/mention/invalid_4
---
[
    Pair {
        rule: text,
        span: Span {
            str: "@\\test@hello.world",
            start: 0,
            end: 18,
        },
        inner: [],
    },
]
