---
source: lib/post-process/tests/mixed.rs
expression: parse_to_test_output(&post)
input_file: lib/post-process/tests/input/mixed/mixed_content_2
---
[
    (
        Link(
            "https://github.com/aumetra",
        ),
        37..63,
        "https://github.com/aumetra",
    ),
]
