---
source: lib/post-process/tests/mixed.rs
expression: parse_to_test_output(&post)
input_file: lib/post-process/tests/input/mixed/mixed_content_1
---
[
    (
        Mention(
            (
                "真島",
                None,
            ),
        ),
        5..12,
        "@真島",
    ),
    (
        Hashtag(
            "龍が如く7",
        ),
        28..42,
        "#龍が如く7",
    ),
    (
        Link(
            "https://upload.wikimedia.org/wikipedia/en/3/3b/GoroMajimafive.jpg",
        ),
        43..108,
        "https://upload.wikimedia.org/wikipedia/en/3/3b/GoroMajimafive.jpg",
    ),
]
